

*******************************************************************************
Thu Mar 12 13:34:58 2026


FIT:    data read from "diag_times.dat" using 1:2
        format = x:z
        #datapoints = 6
        residuals are weighted equally (unit weight)

function used for fitting: f(x)
	f(x)=a*x*x*x+b
fitted parameters initialized with current variable values

iter      chisq       delta/lim  lambda   a             b            
   0 4.2990091812e+10   0.00e+00  5.99e+04    1.000000e-01   1.000000e+00
   9 5.3769939153e-06  -9.19e-08  5.99e-05    6.304326e-08  -5.821261e-04

After 9 iterations the fit converged.
final sum of squares of residuals : 5.37699e-06
rel. change during last iteration : -9.19182e-13

degrees of freedom    (FIT_NDF)                        : 4
rms of residuals      (FIT_STDFIT) = sqrt(WSSR/ndf)    : 0.00115942
variance of residuals (reduced chisquare) = WSSR/ndf   : 1.34425e-06

Final set of parameters            Asymptotic Standard Error
=======================            ==========================
a               = 6.30433e-08      +/- 7.774e-10    (1.233%)
b               = -0.000582126     +/- 0.000658     (113%)

correlation matrix of the fit parameters:
                a      b      
a               1.000 
b              -0.695  1.000 


*******************************************************************************
Thu Mar 12 13:38:40 2026


FIT:    data read from "diag_times.dat" using 1:2
        format = x:z
        #datapoints = 14
        residuals are weighted equally (unit weight)

function used for fitting: f(x)
	f(x)=a*x*x*x+b
fitted parameters initialized with current variable values

iter      chisq       delta/lim  lambda   a             b            
   0 3.0915823808e+14   0.00e+00  3.32e+06    1.000000e-01   1.000000e+00
   4 1.1688527139e+01  -1.54e-01  3.32e+02    6.086842e-08   9.999990e-01

After 4 iterations the fit converged.
final sum of squares of residuals : 11.6885
rel. change during last iteration : -1.53837e-06

degrees of freedom    (FIT_NDF)                        : 12
rms of residuals      (FIT_STDFIT) = sqrt(WSSR/ndf)    : 0.986937
variance of residuals (reduced chisquare) = WSSR/ndf   : 0.974044

Final set of parameters            Asymptotic Standard Error
=======================            ==========================
a               = 6.08684e-08      +/- 6.881e-09    (11.3%)
b               = 0.999999         +/- 0.3233       (32.33%)

correlation matrix of the fit parameters:
                a      b      
a               1.000 
b              -0.578  1.000 


*******************************************************************************
Thu Mar 12 13:47:44 2026


FIT:    data read from "diag_times.dat" using 1:2
        format = x:z
        #datapoints = 10
        residuals are weighted equally (unit weight)

function used for fitting: f(x)
	f(x)=a*x*x*x+b
fitted parameters initialized with current variable values

iter      chisq       delta/lim  lambda   a             b            
   0 1.2661842868e+12   0.00e+00  2.52e+05    1.000000e-01   1.000000e+00
   9 6.0104984144e-01  -3.81e-07  2.52e-04   -3.118214e-08   1.121604e-01

After 9 iterations the fit converged.
final sum of squares of residuals : 0.60105
rel. change during last iteration : -3.81083e-12

degrees of freedom    (FIT_NDF)                        : 8
rms of residuals      (FIT_STDFIT) = sqrt(WSSR/ndf)    : 0.274101
variance of residuals (reduced chisquare) = WSSR/ndf   : 0.0751312

Final set of parameters            Asymptotic Standard Error
=======================            ==========================
a               = -3.11821e-08     +/- 3.323e-08    (106.6%)
b               = 0.11216          +/- 0.1182       (105.4%)

correlation matrix of the fit parameters:
                a      b      
a               1.000 
b              -0.680  1.000 


*******************************************************************************
Thu Mar 12 13:49:18 2026


FIT:    data read from "diag_times.dat" using 1:2
        format = x:z
        #datapoints = 10
        residuals are weighted equally (unit weight)

function used for fitting: f(x)
	f(x)=a*x*x*x+b
fitted parameters initialized with current variable values

iter      chisq       delta/lim  lambda   a             b            
   0 1.2661823889e+12   0.00e+00  2.52e+05    1.000000e-01   1.000000e+00
   9 1.0304490245e-04  -2.84e-03  2.52e-04    6.593783e-08  -3.850529e-03

After 9 iterations the fit converged.
final sum of squares of residuals : 0.000103045
rel. change during last iteration : -2.84149e-08

degrees of freedom    (FIT_NDF)                        : 8
rms of residuals      (FIT_STDFIT) = sqrt(WSSR/ndf)    : 0.00358896
variance of residuals (reduced chisquare) = WSSR/ndf   : 1.28806e-05

Final set of parameters            Asymptotic Standard Error
=======================            ==========================
a               = 6.59378e-08      +/- 4.351e-10    (0.6598%)
b               = -0.00385053      +/- 0.001548     (40.2%)

correlation matrix of the fit parameters:
                a      b      
a               1.000 
b              -0.680  1.000 


*******************************************************************************
Thu Mar 12 14:21:24 2026


FIT:    data read from "diag_times.dat" using 1:2
        format = x:z
        #datapoints = 100
        residuals are weighted equally (unit weight)

function used for fitting: f(x)
	f(x)=a*x*x*x+b
fitted parameters initialized with current variable values

iter      chisq       delta/lim  lambda   a             b            
   0 1.2661831623e+13   0.00e+00  2.52e+05    1.000000e-01   1.000000e+00
   8 1.3712236424e-01  -5.05e-01  2.52e-03    3.354200e-08   5.842674e-03

After 8 iterations the fit converged.
final sum of squares of residuals : 0.137122
rel. change during last iteration : -5.05036e-06

degrees of freedom    (FIT_NDF)                        : 98
rms of residuals      (FIT_STDFIT) = sqrt(WSSR/ndf)    : 0.037406
variance of residuals (reduced chisquare) = WSSR/ndf   : 0.00139921

Final set of parameters            Asymptotic Standard Error
=======================            ==========================
a               = 3.3542e-08       +/- 1.434e-09    (4.275%)
b               = 0.00584267       +/- 0.005102     (87.33%)

correlation matrix of the fit parameters:
                a      b      
a               1.000 
b              -0.680  1.000 


*******************************************************************************
Thu May  7 14:40:46 2026


FIT:    data read from "diag_times.dat" using 1:2
        format = x:z
BREAK: No data to fit

*******************************************************************************
Thu May  7 14:43:38 2026


FIT:    data read from "diag_times.dat" using 1:2
        format = x:z
        #datapoints = 3
        residuals are weighted equally (unit weight)

function used for fitting: f(x)
	f(x)=a*x**3
fitted parameters initialized with current variable values

iter      chisq       delta/lim  lambda   a            
   0 1.2883970240e-05   0.00e+00  1.30e-04    1.000000e-09
   4 1.2535313652e-07  -7.88e-09  1.30e-08    1.684534e-08

After 4 iterations the fit converged.
final sum of squares of residuals : 1.25353e-07
rel. change during last iteration : -7.87633e-14

degrees of freedom    (FIT_NDF)                        : 2
rms of residuals      (FIT_STDFIT) = sqrt(WSSR/ndf)    : 0.000250353
variance of residuals (reduced chisquare) = WSSR/ndf   : 6.26766e-08

Final set of parameters            Asymptotic Standard Error
=======================            ==========================
a               = 1.68453e-08      +/- 1.111e-09    (6.593%)


*******************************************************************************
Thu May  7 14:56:05 2026


FIT:    data read from "diag_times.dat" using 1:2
        format = x:z
        #datapoints = 7
        residuals are weighted equally (unit weight)

function used for fitting: f(x)
	f(x)=a*x**3
fitted parameters initialized with current variable values

iter      chisq       delta/lim  lambda   a            
   0 7.3554717289e-02   0.00e+00  3.47e-03    1.000000e-09
   3 3.7856442491e-04  -6.15e-01  3.47e-06    3.050179e-08

After 3 iterations the fit converged.
final sum of squares of residuals : 0.000378564
rel. change during last iteration : -6.1463e-06

degrees of freedom    (FIT_NDF)                        : 6
rms of residuals      (FIT_STDFIT) = sqrt(WSSR/ndf)    : 0.00794318
variance of residuals (reduced chisquare) = WSSR/ndf   : 6.30941e-05

Final set of parameters            Asymptotic Standard Error
=======================            ==========================
a               = 3.05018e-08      +/- 8.663e-10    (2.84%)


*******************************************************************************
Thu May  7 15:02:24 2026


FIT:    data read from "diag_times.dat" using 1:2
        format = x:z
        #datapoints = 6
        residuals are weighted equally (unit weight)

function used for fitting: f(x)
	f(x)=a*x**3
fitted parameters initialized with current variable values

iter      chisq       delta/lim  lambda   a            
   0 1.5782616920e-02   0.00e+00  2.66e-03    1.000000e-09
   3 1.0551307894e-04  -8.39e-01  2.66e-06    2.018518e-08

After 3 iterations the fit converged.
final sum of squares of residuals : 0.000105513
rel. change during last iteration : -8.39488e-06

degrees of freedom    (FIT_NDF)                        : 5
rms of residuals      (FIT_STDFIT) = sqrt(WSSR/ndf)    : 0.00459376
variance of residuals (reduced chisquare) = WSSR/ndf   : 2.11026e-05

Final set of parameters            Asymptotic Standard Error
=======================            ==========================
a               = 2.01852e-08      +/- 7.039e-10    (3.487%)
